=== README.md ===
# Test Project

A simple calculator project for testing golden snapshots.

## Usage
```ts
import { Calculator } from './src/index';
const calc = new Calculator();
console.log(calc.add(2, 3)); // 5
```

=== package.json ===
{
  "name": "test-project",
  "version": "1.0.0",
  "scripts": {
    "test": "vitest"
  }
}

=== src/index.ts ===
export class Calculator {
  add(a: number, b: number): number {
    return a + b;
  }
}

=== src/utils.ts ===
export const PI = 3.14159;