[
  {
    "c.name": "C.ts",
    "b.name": "B.ts",
    "a.name": "A.ts"
  }
]
